// Jest Snapshot v1, https://goo.gl/fbAQLP

exports[`PolicyItem Component matches snapshot 1`] = `
<DocumentFragment>
  <div
    class="policy-item"
  >
    <div
      class="policy-label walaa-regular-400"
    >
      Policy Number
    </div>
    <div
      class="policy-value walaa-medium-500"
    >
      ABC123
    </div>
  </div>
</DocumentFragment>
`;
