// Jest Snapshot v1, https://goo.gl/fbAQLP

exports[`DomesticLabourCard renders correctly with no data 1`] = `
<div>
  <div
    class="row-class"
  >
    <div
      class="col-booster"
    >
      <img
        class="boost-img"
        data-testid="domestic-img"
      />
      <div
        class="card-class"
      >
        <h5
          class="boost-header"
        />
        <p
          class="boost-desc"
        />
        <button>
          ThemeButton
        </button>
      </div>
    </div>
  </div>
</div>
`;
